
> client@0.1.0 build
> next build

   ▲ Next.js 16.0.8 (Turbopack)
   - Environments: .env

   Creating an optimized production build ...

> Build error occurred
Error: Turbopack build failed with 31 errors:
./src/app/(dashboard)/community/create/page.jsx:1:20
Ecmascript file had an error
[0m[31m[1m>[22m[39m[90m 1 |[39m [36mimport[39m { useState[33m,[39m useEffect } [36mfrom[39m [32m'react'[39m[33m;[39m
 [90m   |[39m                    [31m[1m^[22m[39m[31m[1m^[22m[39m[31m[1m^[22m[39m[31m[1m^[22m[39m[31m[1m^[22m[39m[31m[1m^[22m[39m[31m[1m^[22m[39m[31m[1m^[22m[39m[31m[1m^[22m[39m
 [90m 2 |[39m [36mimport[39m { useRouter[33m,[39m useSearchParams } [36mfrom[39m [32m'next/navigation'[39m[33m;[39m
 [90m 3 |[39m [36mimport[39m api [36mfrom[39m [32m'@/lib/api'[39m[33m;[39m
 [90m 4 |[39m [36mimport[39m toast [36mfrom[39m [32m'react-hot-toast'[39m[33m;[39m[0m

You're importing a component that needs `useEffect`. This React Hook only works in a Client Component. To fix, mark the file (or its parent) with the `"use client"` directive.

 Learn more: https://nextjs.org/docs/app/api-reference/directives/use-client




./src/app/(dashboard)/community/create/page.jsx:2:10
Ecmascript file had an error
[0m [90m 1 |[39m [36mimport[39m { useState[33m,[39m useEffect } [36mfrom[39m [32m'react'[39m[33m;[39m
[31m[1m>[22m[39m[90m 2 |[39m [36mimport[39m { useRouter[33m,[39m useSearchParams } [36mfrom[39m [32m'next/navigation'[39m[33m;[39m
 [90m   |[39m          [31m[1m^[22m[39m[31m[1m^[22m[39m[31m[1m^[22m[39m[31m[1m^[22m[39m[31m[1m^[22m[39m[31m[1m^[22m[39m[31m[1m^[22m[39m[31m[1m^[22m[39m[31m[1m^[22m[39m
 [90m 3 |[39m [36mimport[39m api [36mfrom[39m [32m'@/lib/api'[39m[33m;[39m
 [90m 4 |[39m [36mimport[39m toast [36mfrom[39m [32m'react-hot-toast'[39m[33m;[39m
 [90m 5 |[39m [36mimport[39m [33mMarkdownEditor[39m [36mfrom[39m [32m'@/components/ui/MarkdownEditor'[39m[33m;[39m[0m

You're importing a component that needs `useRouter`. This React Hook only works in a Client Component. To fix, mark the file (or its parent) with the `"use client"` directive.

 Learn more: https://nextjs.org/docs/app/api-reference/directives/use-client




./src/app/(dashboard)/community/create/page.jsx:2:21
Ecmascript file had an error
[0m [90m 1 |[39m [36mimport[39m { useState[33m,[39m useEffect } [36mfrom[39m [32m'react'[39m[33m;[39m
[31m[1m>[22m[39m[90m 2 |[39m [36mimport[39m { useRouter[33m,[39m useSearchParams } [36mfrom[39m [32m'next/navigation'[39m[33m;[39m
 [90m   |[39m                     [31m[1m^[22m[39m[31m[1m^[22m[39m[31m[1m^[22m[39m[31m[1m^[22m[39m[31m[1m^[22m[39m[31m[1m^[22m[39m[31m[1m^[22m[39m[31m[1m^[22m[39m[31m[1m^[22m[39m[31m[1m^[22m[39m[31m[1m^[22m[39m[31m[1m^[22m[39m[31m[1m^[22m[39m[31m[1m^[22m[39m[31m[1m^[22m[39m
 [90m 3 |[39m [36mimport[39m api [36mfrom[39m [32m'@/lib/api'[39m[33m;[39m
 [90m 4 |[39m [36mimport[39m toast [36mfrom[39m [32m'react-hot-toast'[39m[33m;[39m
 [90m 5 |[39m [36mimport[39m [33mMarkdownEditor[39m [36mfrom[39m [32m'@/components/ui/MarkdownEditor'[39m[33m;[39m[0m

You're importing a component that needs `useSearchParams`. This React Hook only works in a Client Component. To fix, mark the file (or its parent) with the `"use client"` directive.

 Learn more: https://nextjs.org/docs/app/api-reference/directives/use-client




./src/app/(dashboard)/community/create/page.jsx:1:10
Ecmascript file had an error
[0m[31m[1m>[22m[39m[90m 1 |[39m [36mimport[39m { useState[33m,[39m useEffect } [36mfrom[39m [32m'react'[39m[33m;[39m
 [90m   |[39m          [31m[1m^[22m[39m[31m[1m^[22m[39m[31m[1m^[22m[39m[31m[1m^[22m[39m[31m[1m^[22m[39m[31m[1m^[22m[39m[31m[1m^[22m[39m[31m[1m^[22m[39m
 [90m 2 |[39m [36mimport[39m { useRouter[33m,[39m useSearchParams } [36mfrom[39m [32m'next/navigation'[39m[33m;[39m
 [90m 3 |[39m [36mimport[39m api [36mfrom[39m [32m'@/lib/api'[39m[33m;[39m
 [90m 4 |[39m [36mimport[39m toast [36mfrom[39m [32m'react-hot-toast'[39m[33m;[39m[0m

You're importing a component that needs `useState`. This React Hook only works in a Client Component. To fix, mark the file (or its parent) with the `"use client"` directive.

 Learn more: https://nextjs.org/docs/app/api-reference/directives/use-client




./src/app/(dashboard)/dashboard/page.jsx:1:10
Ecmascript file had an error
[0m[31m[1m>[22m[39m[90m 1 |[39m [36mimport[39m { useEffect[33m,[39m useState } [36mfrom[39m [32m'react'[39m[33m;[39m
 [90m   |[39m          [31m[1m^[22m[39m[31m[1m^[22m[39m[31m[1m^[22m[39m[31m[1m^[22m[39m[31m[1m^[22m[39m[31m[1m^[22m[39m[31m[1m^[22m[39m[31m[1m^[22m[39m[31m[1m^[22m[39m
 [90m 2 |[39m [36mimport[39m { useAuthStore } [36mfrom[39m [32m'@/store/useAuthStore'[39m[33m;[39m
 [90m 3 |[39m [36mimport[39m { useRouter } [36mfrom[39m [32m'next/navigation'[39m[33m;[39m
 [90m 4 |[39m [36mimport[39m [33mLink[39m [36mfrom[39m [32m'next/link'[39m[33m;[39m[0m

You're importing a component that needs `useEffect`. This React Hook only works in a Client Component. To fix, mark the file (or its parent) with the `"use client"` directive.

 Learn more: https://nextjs.org/docs/app/api-reference/directives/use-client




./src/app/(dashboard)/dashboard/page.jsx:3:10
Ecmascript file had an error
[0m [90m 1 |[39m [36mimport[39m { useEffect[33m,[39m useState } [36mfrom[39m [32m'react'[39m[33m;[39m
 [90m 2 |[39m [36mimport[39m { useAuthStore } [36mfrom[39m [32m'@/store/useAuthStore'[39m[33m;[39m
[31m[1m>[22m[39m[90m 3 |[39m [36mimport[39m { useRouter } [36mfrom[39m [32m'next/navigation'[39m[33m;[39m
 [90m   |[39m          [31m[1m^[22m[39m[31m[1m^[22m[39m[31m[1m^[22m[39m[31m[1m^[22m[39m[31m[1m^[22m[39m[31m[1m^[22m[39m[31m[1m^[22m[39m[31m[1m^[22m[39m[31m[1m^[22m[39m
 [90m 4 |[39m [36mimport[39m [33mLink[39m [36mfrom[39m [32m'next/link'[39m[33m;[39m
 [90m 5 |[39m [36mimport[39m api [36mfrom[39m [32m'@/lib/api'[39m[33m;[39m
 [90m 6 |[39m [36mimport[39m { [33mBookOpen[39m[33m,[39m [33mUsers[39m[33m,[39m [33mBarChart[39m[33m,[39m [33mMedal[39m[33m,[39m [33mMessageSquare[39m[33m,[39m [33mPlus[39m[33m,[39m [33mLogOut[39m[33m,[39m [33mLayout[39m[33m,[39m [33mAward[39m[33m,[39m [33mDollarSign[39m } [36mfrom[39m [32m'lucide-react'[39m[33m;[39m[0m

You're importing a component that needs `useRouter`. This React Hook only works in a Client Component. To fix, mark the file (or its parent) with the `"use client"` directive.

 Learn more: https://nextjs.org/docs/app/api-reference/directives/use-client




./src/app/(dashboard)/dashboard/page.jsx:1:21
Ecmascript file had an error
[0m[31m[1m>[22m[39m[90m 1 |[39m [36mimport[39m { useEffect[33m,[39m useState } [36mfrom[39m [32m'react'[39m[33m;[39m
 [90m   |[39m                     [31m[1m^[22m[39m[31m[1m^[22m[39m[31m[1m^[22m[39m[31m[1m^[22m[39m[31m[1m^[22m[39m[31m[1m^[22m[39m[31m[1m^[22m[39m[31m[1m^[22m[39m
 [90m 2 |[39m [36mimport[39m { useAuthStore } [36mfrom[39m [32m'@/store/useAuthStore'[39m[33m;[39m
 [90m 3 |[39m [36mimport[39m { useRouter } [36mfrom[39m [32m'next/navigation'[39m[33m;[39m
 [90m 4 |[39m [36mimport[39m [33mLink[39m [36mfrom[39m [32m'next/link'[39m[33m;[39m[0m

You're importing a component that needs `useState`. This React Hook only works in a Client Component. To fix, mark the file (or its parent) with the `"use client"` directive.

 Learn more: https://nextjs.org/docs/app/api-reference/directives/use-client




./src/app/(dashboard)/leaderboard/page.jsx:1:10
Ecmascript file had an error
[0m[31m[1m>[22m[39m[90m 1 |[39m [36mimport[39m { useEffect[33m,[39m useState } [36mfrom[39m [32m'react'[39m[33m;[39m
 [90m   |[39m          [31m[1m^[22m[39m[31m[1m^[22m[39m[31m[1m^[22m[39m[31m[1m^[22m[39m[31m[1m^[22m[39m[31m[1m^[22m[39m[31m[1m^[22m[39m[31m[1m^[22m[39m[31m[1m^[22m[39m
 [90m 2 |[39m [36mimport[39m api [36mfrom[39m [32m'@/lib/api'[39m[33m;[39m
 [90m 3 |[39m [36mimport[39m { [33mMedal[39m[33m,[39m [33mTrophy[39m[33m,[39m [33mUser[39m } [36mfrom[39m [32m'lucide-react'[39m[33m;[39m
 [90m 4 |[39m [36mimport[39m { [33mCard[39m[33m,[39m [33mCardContent[39m[33m,[39m [33mCardHeader[39m[33m,[39m [33mCardTitle[39m } [36mfrom[39m [32m'@/components/ui/card'[39m[33m;[39m[0m

You're importing a component that needs `useEffect`. This React Hook only works in a Client Component. To fix, mark the file (or its parent) with the `"use client"` directive.

 Learn more: https://nextjs.org/docs/app/api-reference/directives/use-client




./src/app/(dashboard)/leaderboard/page.jsx:1:21
Ecmascript file had an error
[0m[31m[1m>[22m[39m[90m 1 |[39m [36mimport[39m { useEffect[33m,[39m useState } [36mfrom[39m [32m'react'[39m[33m;[39m
 [90m   |[39m                     [31m[1m^[22m[39m[31m[1m^[22m[39m[31m[1m^[22m[39m[31m[1m^[22m[39m[31m[1m^[22m[39m[31m[1m^[22m[39m[31m[1m^[22m[39m[31m[1m^[22m[39m
 [90m 2 |[39m [36mimport[39m api [36mfrom[39m [32m'@/lib/api'[39m[33m;[39m
 [90m 3 |[39m [36mimport[39m { [33mMedal[39m[33m,[39m [33mTrophy[39m[33m,[39m [33mUser[39m } [36mfrom[39m [32m'lucide-react'[39m[33m;[39m
 [90m 4 |[39m [36mimport[39m { [33mCard[39m[33m,[39m [33mCardContent[39m[33m,[39m [33mCardHeader[39m[33m,[39m [33mCardTitle[39m } [36mfrom[39m [32m'@/components/ui/card'[39m[33m;[39m[0m

You're importing a component that needs `useState`. This React Hook only works in a Client Component. To fix, mark the file (or its parent) with the `"use client"` directive.

 Learn more: https://nextjs.org/docs/app/api-reference/directives/use-client




./src/app/(dashboard)/profile/page.jsx:1:20
Ecmascript file had an error
[0m[31m[1m>[22m[39m[90m 1 |[39m [36mimport[39m { useState[33m,[39m useEffect } [36mfrom[39m [32m'react'[39m[33m;[39m
 [90m   |[39m                    [31m[1m^[22m[39m[31m[1m^[22m[39m[31m[1m^[22m[39m[31m[1m^[22m[39m[31m[1m^[22m[39m[31m[1m^[22m[39m[31m[1m^[22m[39m[31m[1m^[22m[39m[31m[1m^[22m[39m
 [90m 2 |[39m [36mimport[39m { useAuthStore } [36mfrom[39m [32m'@/store/useAuthStore'[39m[33m;[39m
 [90m 3 |[39m [36mimport[39m api [36mfrom[39m [32m'@/lib/api'[39m[33m;[39m
 [90m 4 |[39m [36mimport[39m toast [36mfrom[39m [32m'react-hot-toast'[39m[33m;[39m[0m

You're importing a component that needs `useEffect`. This React Hook only works in a Client Component. To fix, mark the file (or its parent) with the `"use client"` directive.

 Learn more: https://nextjs.org/docs/app/api-reference/directives/use-client




./src/app/(dashboard)/profile/page.jsx:1:10
Ecmascript file had an error
[0m[31m[1m>[22m[39m[90m 1 |[39m [36mimport[39m { useState[33m,[39m useEffect } [36mfrom[39m [32m'react'[39m[33m;[39m
 [90m   |[39m          [31m[1m^[22m[39m[31m[1m^[22m[39m[31m[1m^[22m[39m[31m[1m^[22m[39m[31m[1m^[22m[39m[31m[1m^[22m[39m[31m[1m^[22m[39m[31m[1m^[22m[39m
 [90m 2 |[39m [36mimport[39m { useAuthStore } [36mfrom[39m [32m'@/store/useAuthStore'[39m[33m;[39m
 [90m 3 |[39m [36mimport[39m api [36mfrom[39m [32m'@/lib/api'[39m[33m;[39m
 [90m 4 |[39m [36mimport[39m toast [36mfrom[39m [32m'react-hot-toast'[39m[33m;[39m[0m

You're importing a component that needs `useState`. This React Hook only works in a Client Component. To fix, mark the file (or its parent) with the `"use client"` directive.

 Learn more: https://nextjs.org/docs/app/api-reference/directives/use-client




./src/app/(public)/blog/page.jsx:1:10
Ecmascript file had an error
[0m[31m[1m>[22m[39m[90m 1 |[39m [36mimport[39m { useEffect[33m,[39m useState } [36mfrom[39m [32m'react'[39m[33m;[39m
 [90m   |[39m          [31m[1m^[22m[39m[31m[1m^[22m[39m[31m[1m^[22m[39m[31m[1m^[22m[39m[31m[1m^[22m[39m[31m[1m^[22m[39m[31m[1m^[22m[39m[31m[1m^[22m[39m[31m[1m^[22m[39m
 [90m 2 |[39m [36mimport[39m api [36mfrom[39m [32m'@/lib/api'[39m[33m;[39m
 [90m 3 |[39m [36mimport[39m [33mLink[39m [36mfrom[39m [32m'next/link'[39m[33m;[39m
 [90m 4 |[39m [36mimport[39m { [33mPlus[39m[33m,[39m [33mThumbsUp[39m[33m,[39m [33mMessageSquare[39m[33m,[39m [33mBookOpen[39m } [36mfrom[39m [32m'lucide-react'[39m[33m;[39m[0m

You're importing a component that needs `useEffect`. This React Hook only works in a Client Component. To fix, mark the file (or its parent) with the `"use client"` directive.

 Learn more: https://nextjs.org/docs/app/api-reference/directives/use-client




./src/app/(public)/blog/page.jsx:1:21
Ecmascript file had an error
[0m[31m[1m>[22m[39m[90m 1 |[39m [36mimport[39m { useEffect[33m,[39m useState } [36mfrom[39m [32m'react'[39m[33m;[39m
 [90m   |[39m                     [31m[1m^[22m[39m[31m[1m^[22m[39m[31m[1m^[22m[39m[31m[1m^[22m[39m[31m[1m^[22m[39m[31m[1m^[22m[39m[31m[1m^[22m[39m[31m[1m^[22m[39m
 [90m 2 |[39m [36mimport[39m api [36mfrom[39m [32m'@/lib/api'[39m[33m;[39m
 [90m 3 |[39m [36mimport[39m [33mLink[39m [36mfrom[39m [32m'next/link'[39m[33m;[39m
 [90m 4 |[39m [36mimport[39m { [33mPlus[39m[33m,[39m [33mThumbsUp[39m[33m,[39m [33mMessageSquare[39m[33m,[39m [33mBookOpen[39m } [36mfrom[39m [32m'lucide-react'[39m[33m;[39m[0m

You're importing a component that needs `useState`. This React Hook only works in a Client Component. To fix, mark the file (or its parent) with the `"use client"` directive.

 Learn more: https://nextjs.org/docs/app/api-reference/directives/use-client




./src/app/(public)/community/[id]/page.jsx:1:10
Ecmascript file had an error
[0m[31m[1m>[22m[39m[90m 1 |[39m [36mimport[39m { useEffect[33m,[39m useState } [36mfrom[39m [32m'react'[39m[33m;[39m
 [90m   |[39m          [31m[1m^[22m[39m[31m[1m^[22m[39m[31m[1m^[22m[39m[31m[1m^[22m[39m[31m[1m^[22m[39m[31m[1m^[22m[39m[31m[1m^[22m[39m[31m[1m^[22m[39m[31m[1m^[22m[39m
 [90m 2 |[39m [36mimport[39m { useParams[33m,[39m useRouter } [36mfrom[39m [32m'next/navigation'[39m[33m;[39m
 [90m 3 |[39m [36mimport[39m api [36mfrom[39m [32m'@/lib/api'[39m[33m;[39m
 [90m 4 |[39m [36mimport[39m { useAuthStore } [36mfrom[39m [32m'@/store/useAuthStore'[39m[33m;[39m[0m

You're importing a component that needs `useEffect`. This React Hook only works in a Client Component. To fix, mark the file (or its parent) with the `"use client"` directive.

 Learn more: https://nextjs.org/docs/app/api-reference/directives/use-client




./src/app/(public)/community/[id]/page.jsx:2:10
Ecmascript file had an error
[0m [90m 1 |[39m [36mimport[39m { useEffect[33m,[39m useState } [36mfrom[39m [32m'react'[39m[33m;[39m
[31m[1m>[22m[39m[90m 2 |[39m [36mimport[39m { useParams[33m,[39m useRouter } [36mfrom[39m [32m'next/navigation'[39m[33m;[39m
 [90m   |[39m          [31m[1m^[22m[39m[31m[1m^[22m[39m[31m[1m^[22m[39m[31m[1m^[22m[39m[31m[1m^[22m[39m[31m[1m^[22m[39m[31m[1m^[22m[39m[31m[1m^[22m[39m[31m[1m^[22m[39m
 [90m 3 |[39m [36mimport[39m api [36mfrom[39m [32m'@/lib/api'[39m[33m;[39m
 [90m 4 |[39m [36mimport[39m { useAuthStore } [36mfrom[39m [32m'@/store/useAuthStore'[39m[33m;[39m
 [90m 5 |[39m [36mimport[39m { [33mThumbsUp[39m[33m,[39m [33mThumbsDown[39m[33m,[39m [33mMessageSquare[39m[33m,[39m [33mShare2[39m[33m,[39m [33mUser[39m[33m,[39m [33mClock[39m } [36mfrom[39m [32m'lucide-react'[39m[33m;[39m[0m

You're importing a component that needs `useParams`. This React Hook only works in a Client Component. To fix, mark the file (or its parent) with the `"use client"` directive.

 Learn more: https://nextjs.org/docs/app/api-reference/directives/use-client




./src/app/(public)/community/[id]/page.jsx:2:21
Ecmascript file had an error
[0m [90m 1 |[39m [36mimport[39m { useEffect[33m,[39m useState } [36mfrom[39m [32m'react'[39m[33m;[39m
[31m[1m>[22m[39m[90m 2 |[39m [36mimport[39m { useParams[33m,[39m useRouter } [36mfrom[39m [32m'next/navigation'[39m[33m;[39m
 [90m   |[39m                     [31m[1m^[22m[39m[31m[1m^[22m[39m[31m[1m^[22m[39m[31m[1m^[22m[39m[31m[1m^[22m[39m[31m[1m^[22m[39m[31m[1m^[22m[39m[31m[1m^[22m[39m[31m[1m^[22m[39m
 [90m 3 |[39m [36mimport[39m api [36mfrom[39m [32m'@/lib/api'[39m[33m;[39m
 [90m 4 |[39m [36mimport[39m { useAuthStore } [36mfrom[39m [32m'@/store/useAuthStore'[39m[33m;[39m
 [90m 5 |[39m [36mimport[39m { [33mThumbsUp[39m[33m,[39m [33mThumbsDown[39m[33m,[39m [33mMessageSquare[39m[33m,[39m [33mShare2[39m[33m,[39m [33mUser[39m[33m,[39m [33mClock[39m } [36mfrom[39m [32m'lucide-react'[39m[33m;[39m[0m

You're importing a component that needs `useRouter`. This React Hook only works in a Client Component. To fix, mark the file (or its parent) with the `"use client"` directive.

 Learn more: https://nextjs.org/docs/app/api-reference/directives/use-client




./src/app/(public)/community/[id]/page.jsx:1:21
Ecmascript file had an error
[0m[31m[1m>[22m[39m[90m 1 |[39m [36mimport[39m { useEffect[33m,[39m useState } [36mfrom[39m [32m'react'[39m[33m;[39m
 [90m   |[39m                     [31m[1m^[22m[39m[31m[1m^[22m[39m[31m[1m^[22m[39m[31m[1m^[22m[39m[31m[1m^[22m[39m[31m[1m^[22m[39m[31m[1m^[22m[39m[31m[1m^[22m[39m
 [90m 2 |[39m [36mimport[39m { useParams[33m,[39m useRouter } [36mfrom[39m [32m'next/navigation'[39m[33m;[39m
 [90m 3 |[39m [36mimport[39m api [36mfrom[39m [32m'@/lib/api'[39m[33m;[39m
 [90m 4 |[39m [36mimport[39m { useAuthStore } [36mfrom[39m [32m'@/store/useAuthStore'[39m[33m;[39m[0m

You're importing a component that needs `useState`. This React Hook only works in a Client Component. To fix, mark the file (or its parent) with the `"use client"` directive.

 Learn more: https://nextjs.org/docs/app/api-reference/directives/use-client




./src/app/(public)/courses/[id]/page.js:1:10
Ecmascript file had an error
[0m[31m[1m>[22m[39m[90m 1 |[39m [36mimport[39m { useEffect[33m,[39m useState } [36mfrom[39m [32m'react'[39m[33m;[39m
 [90m   |[39m          [31m[1m^[22m[39m[31m[1m^[22m[39m[31m[1m^[22m[39m[31m[1m^[22m[39m[31m[1m^[22m[39m[31m[1m^[22m[39m[31m[1m^[22m[39m[31m[1m^[22m[39m[31m[1m^[22m[39m
 [90m 2 |[39m [36mimport[39m { useRouter[33m,[39m useParams } [36mfrom[39m [32m'next/navigation'[39m[33m;[39m
 [90m 3 |[39m [36mimport[39m api [36mfrom[39m [32m'@/lib/api'[39m[33m;[39m
 [90m 4 |[39m [36mimport[39m { useAuthStore } [36mfrom[39m [32m'@/store/useAuthStore'[39m[33m;[39m[0m

You're importing a component that needs `useEffect`. This React Hook only works in a Client Component. To fix, mark the file (or its parent) with the `"use client"` directive.

 Learn more: https://nextjs.org/docs/app/api-reference/directives/use-client




./src/app/(public)/courses/[id]/page.js:2:21
Ecmascript file had an error
[0m [90m 1 |[39m [36mimport[39m { useEffect[33m,[39m useState } [36mfrom[39m [32m'react'[39m[33m;[39m
[31m[1m>[22m[39m[90m 2 |[39m [36mimport[39m { useRouter[33m,[39m useParams } [36mfrom[39m [32m'next/navigation'[39m[33m;[39m
 [90m   |[39m                     [31m[1m^[22m[39m[31m[1m^[22m[39m[31m[1m^[22m[39m[31m[1m^[22m[39m[31m[1m^[22m[39m[31m[1m^[22m[39m[31m[1m^[22m[39m[31m[1m^[22m[39m[31m[1m^[22m[39m
 [90m 3 |[39m [36mimport[39m api [36mfrom[39m [32m'@/lib/api'[39m[33m;[39m
 [90m 4 |[39m [36mimport[39m { useAuthStore } [36mfrom[39m [32m'@/store/useAuthStore'[39m[33m;[39m
 [90m 5 |[39m [36mimport[39m { useCourseStore } [36mfrom[39m [32m'@/store/useCourseStore'[39m[33m;[39m[0m

You're importing a component that needs `useParams`. This React Hook only works in a Client Component. To fix, mark the file (or its parent) with the `"use client"` directive.

 Learn more: https://nextjs.org/docs/app/api-reference/directives/use-client




./src/app/(public)/courses/[id]/page.js:2:10
Ecmascript file had an error
[0m [90m 1 |[39m [36mimport[39m { useEffect[33m,[39m useState } [36mfrom[39m [32m'react'[39m[33m;[39m
[31m[1m>[22m[39m[90m 2 |[39m [36mimport[39m { useRouter[33m,[39m useParams } [36mfrom[39m [32m'next/navigation'[39m[33m;[39m
 [90m   |[39m          [31m[1m^[22m[39m[31m[1m^[22m[39m[31m[1m^[22m[39m[31m[1m^[22m[39m[31m[1m^[22m[39m[31m[1m^[22m[39m[31m[1m^[22m[39m[31m[1m^[22m[39m[31m[1m^[22m[39m
 [90m 3 |[39m [36mimport[39m api [36mfrom[39m [32m'@/lib/api'[39m[33m;[39m
 [90m 4 |[39m [36mimport[39m { useAuthStore } [36mfrom[39m [32m'@/store/useAuthStore'[39m[33m;[39m
 [90m 5 |[39m [36mimport[39m { useCourseStore } [36mfrom[39m [32m'@/store/useCourseStore'[39m[33m;[39m[0m

You're importing a component that needs `useRouter`. This React Hook only works in a Client Component. To fix, mark the file (or its parent) with the `"use client"` directive.

 Learn more: https://nextjs.org/docs/app/api-reference/directives/use-client




./src/app/(public)/courses/[id]/page.js:1:21
Ecmascript file had an error
[0m[31m[1m>[22m[39m[90m 1 |[39m [36mimport[39m { useEffect[33m,[39m useState } [36mfrom[39m [32m'react'[39m[33m;[39m
 [90m   |[39m                     [31m[1m^[22m[39m[31m[1m^[22m[39m[31m[1m^[22m[39m[31m[1m^[22m[39m[31m[1m^[22m[39m[31m[1m^[22m[39m[31m[1m^[22m[39m[31m[1m^[22m[39m
 [90m 2 |[39m [36mimport[39m { useRouter[33m,[39m useParams } [36mfrom[39m [32m'next/navigation'[39m[33m;[39m
 [90m 3 |[39m [36mimport[39m api [36mfrom[39m [32m'@/lib/api'[39m[33m;[39m
 [90m 4 |[39m [36mimport[39m { useAuthStore } [36mfrom[39m [32m'@/store/useAuthStore'[39m[33m;[39m[0m

You're importing a component that needs `useState`. This React Hook only works in a Client Component. To fix, mark the file (or its parent) with the `"use client"` directive.

 Learn more: https://nextjs.org/docs/app/api-reference/directives/use-client




./src/app/(public)/courses/page.jsx:1:10
Ecmascript file had an error
[0m[31m[1m>[22m[39m[90m 1 |[39m [36mimport[39m { useEffect } [36mfrom[39m [32m'react'[39m[33m;[39m
 [90m   |[39m          [31m[1m^[22m[39m[31m[1m^[22m[39m[31m[1m^[22m[39m[31m[1m^[22m[39m[31m[1m^[22m[39m[31m[1m^[22m[39m[31m[1m^[22m[39m[31m[1m^[22m[39m[31m[1m^[22m[39m
 [90m 2 |[39m [36mimport[39m { useCourseStore } [36mfrom[39m [32m'@/store/useCourseStore'[39m[33m;[39m
 [90m 3 |[39m [36mimport[39m [33mLink[39m [36mfrom[39m [32m'next/link'[39m[33m;[39m
 [90m 4 |[39m [36mimport[39m { [33mCard[39m[33m,[39m [33mCardContent[39m[33m,[39m [33mCardFooter[39m[33m,[39m [33mCardHeader[39m[33m,[39m [33mCardTitle[39m[33m,[39m [33mCardDescription[39m } [36mfrom[39m [32m'@/components/ui/card'[39m[33m;[39m[0m

You're importing a component that needs `useEffect`. This React Hook only works in a Client Component. To fix, mark the file (or its parent) with the `"use client"` directive.

 Learn more: https://nextjs.org/docs/app/api-reference/directives/use-client




./src/app/(public)/forum/page.jsx:1:10
Ecmascript file had an error
[0m[31m[1m>[22m[39m[90m 1 |[39m [36mimport[39m { useEffect[33m,[39m useState } [36mfrom[39m [32m'react'[39m[33m;[39m
 [90m   |[39m          [31m[1m^[22m[39m[31m[1m^[22m[39m[31m[1m^[22m[39m[31m[1m^[22m[39m[31m[1m^[22m[39m[31m[1m^[22m[39m[31m[1m^[22m[39m[31m[1m^[22m[39m[31m[1m^[22m[39m
 [90m 2 |[39m [36mimport[39m api [36mfrom[39m [32m'@/lib/api'[39m[33m;[39m
 [90m 3 |[39m [36mimport[39m [33mLink[39m [36mfrom[39m [32m'next/link'[39m[33m;[39m
 [90m 4 |[39m [36mimport[39m { [33mPlus[39m[33m,[39m [33mThumbsUp[39m[33m,[39m [33mMessageSquare[39m[33m,[39m [33mMessageCircle[39m } [36mfrom[39m [32m'lucide-react'[39m[33m;[39m[0m

You're importing a component that needs `useEffect`. This React Hook only works in a Client Component. To fix, mark the file (or its parent) with the `"use client"` directive.

 Learn more: https://nextjs.org/docs/app/api-reference/directives/use-client




./src/app/(public)/forum/page.jsx:1:21
Ecmascript file had an error
[0m[31m[1m>[22m[39m[90m 1 |[39m [36mimport[39m { useEffect[33m,[39m useState } [36mfrom[39m [32m'react'[39m[33m;[39m
 [90m   |[39m                     [31m[1m^[22m[39m[31m[1m^[22m[39m[31m[1m^[22m[39m[31m[1m^[22m[39m[31m[1m^[22m[39m[31m[1m^[22m[39m[31m[1m^[22m[39m[31m[1m^[22m[39m
 [90m 2 |[39m [36mimport[39m api [36mfrom[39m [32m'@/lib/api'[39m[33m;[39m
 [90m 3 |[39m [36mimport[39m [33mLink[39m [36mfrom[39m [32m'next/link'[39m[33m;[39m
 [90m 4 |[39m [36mimport[39m { [33mPlus[39m[33m,[39m [33mThumbsUp[39m[33m,[39m [33mMessageSquare[39m[33m,[39m [33mMessageCircle[39m } [36mfrom[39m [32m'lucide-react'[39m[33m;[39m[0m

You're importing a component that needs `useState`. This React Hook only works in a Client Component. To fix, mark the file (or its parent) with the `"use client"` directive.

 Learn more: https://nextjs.org/docs/app/api-reference/directives/use-client




./src/app/register/page.jsx:3:10
Ecmascript file had an error
[0m [90m 1 |[39m [36mimport[39m { useState } [36mfrom[39m [32m'react'[39m[33m;[39m
 [90m 2 |[39m [36mimport[39m { useAuthStore } [36mfrom[39m [32m'@/store/useAuthStore'[39m[33m;[39m
[31m[1m>[22m[39m[90m 3 |[39m [36mimport[39m { useRouter } [36mfrom[39m [32m'next/navigation'[39m[33m;[39m
 [90m   |[39m          [31m[1m^[22m[39m[31m[1m^[22m[39m[31m[1m^[22m[39m[31m[1m^[22m[39m[31m[1m^[22m[39m[31m[1m^[22m[39m[31m[1m^[22m[39m[31m[1m^[22m[39m[31m[1m^[22m[39m
 [90m 4 |[39m [36mimport[39m { [33mUser[39m[33m,[39m [33mBookOpen[39m[33m,[39m [33mGraduationCap[39m[33m,[39m [33mArrowRight[39m[33m,[39m [33mLoader2[39m } [36mfrom[39m [32m'lucide-react'[39m[33m;[39m
 [90m 5 |[39m [36mimport[39m [33mLink[39m [36mfrom[39m [32m'next/link'[39m[33m;[39m
 [90m 6 |[39m [36mimport[39m { [33mButton[39m } [36mfrom[39m [32m'@/components/ui/button'[39m[33m;[39m[0m

You're importing a component that needs `useRouter`. This React Hook only works in a Client Component. To fix, mark the file (or its parent) with the `"use client"` directive.

 Learn more: https://nextjs.org/docs/app/api-reference/directives/use-client




./src/app/register/page.jsx:1:10
Ecmascript file had an error
[0m[31m[1m>[22m[39m[90m 1 |[39m [36mimport[39m { useState } [36mfrom[39m [32m'react'[39m[33m;[39m
 [90m   |[39m          [31m[1m^[22m[39m[31m[1m^[22m[39m[31m[1m^[22m[39m[31m[1m^[22m[39m[31m[1m^[22m[39m[31m[1m^[22m[39m[31m[1m^[22m[39m[31m[1m^[22m[39m
 [90m 2 |[39m [36mimport[39m { useAuthStore } [36mfrom[39m [32m'@/store/useAuthStore'[39m[33m;[39m
 [90m 3 |[39m [36mimport[39m { useRouter } [36mfrom[39m [32m'next/navigation'[39m[33m;[39m
 [90m 4 |[39m [36mimport[39m { [33mUser[39m[33m,[39m [33mBookOpen[39m[33m,[39m [33mGraduationCap[39m[33m,[39m [33mArrowRight[39m[33m,[39m [33mLoader2[39m } [36mfrom[39m [32m'lucide-react'[39m[33m;[39m[0m

You're importing a component that needs `useState`. This React Hook only works in a Client Component. To fix, mark the file (or its parent) with the `"use client"` directive.

 Learn more: https://nextjs.org/docs/app/api-reference/directives/use-client




./src/components/ui/ImageUpload.js:1:10
Ecmascript file had an error
[0m[31m[1m>[22m[39m[90m 1 |[39m [36mimport[39m { useState } [36mfrom[39m [32m'react'[39m[33m;[39m
 [90m   |[39m          [31m[1m^[22m[39m[31m[1m^[22m[39m[31m[1m^[22m[39m[31m[1m^[22m[39m[31m[1m^[22m[39m[31m[1m^[22m[39m[31m[1m^[22m[39m[31m[1m^[22m[39m
 [90m 2 |[39m [36mimport[39m api [36mfrom[39m [32m'@/lib/api'[39m[33m;[39m
 [90m 3 |[39m [36mimport[39m { [33mUpload[39m[33m,[39m [33mX[39m[33m,[39m [33mLoader2[39m } [36mfrom[39m [32m'lucide-react'[39m[33m;[39m
 [90m 4 |[39m [36mimport[39m toast [36mfrom[39m [32m'react-hot-toast'[39m[33m;[39m[0m

You're importing a component that needs `useState`. This React Hook only works in a Client Component. To fix, mark the file (or its parent) with the `"use client"` directive.

 Learn more: https://nextjs.org/docs/app/api-reference/directives/use-client



Import traces:
  Server Component:
    ./src/components/ui/ImageUpload.js
    ./src/components/ui/MarkdownEditor.js
    ./src/app/(dashboard)/community/create/page.jsx

  Client Component Browser:
    ./src/components/ui/ImageUpload.js [Client Component Browser]
    ./src/components/ui/MarkdownEditor.js [Client Component Browser]
    ./src/app/(dashboard)/instructor/edit-course/[courseId]/page.jsx [Client Component Browser]
    ./src/app/(dashboard)/instructor/edit-course/[courseId]/page.jsx [Server Component]

  Client Component SSR:
    ./src/components/ui/ImageUpload.js [Client Component SSR]
    ./src/components/ui/MarkdownEditor.js [Client Component SSR]
    ./src/app/(dashboard)/instructor/edit-course/[courseId]/page.jsx [Client Component SSR]
    ./src/app/(dashboard)/instructor/edit-course/[courseId]/page.jsx [Server Component]


./src/components/ui/MarkdownEditor.js:1:17
Ecmascript file had an error
[0m[31m[1m>[22m[39m[90m 1 |[39m [36mimport[39m [33mReact[39m[33m,[39m { useState } [36mfrom[39m [32m'react'[39m[33m;[39m
 [90m   |[39m                 [31m[1m^[22m[39m[31m[1m^[22m[39m[31m[1m^[22m[39m[31m[1m^[22m[39m[31m[1m^[22m[39m[31m[1m^[22m[39m[31m[1m^[22m[39m[31m[1m^[22m[39m
 [90m 2 |[39m [36mimport[39m [33mReactMarkdown[39m [36mfrom[39m [32m'react-markdown'[39m[33m;[39m
 [90m 3 |[39m [36mimport[39m remarkGfm [36mfrom[39m [32m'remark-gfm'[39m[33m;[39m
 [90m 4 |[39m [36mimport[39m { [33mPrism[39m [36mas[39m [33mSyntaxHighlighter[39m } [36mfrom[39m [32m'react-syntax-highlighter'[39m[33m;[39m[0m

You're importing a component that needs `useState`. This React Hook only works in a Client Component. To fix, mark the file (or its parent) with the `"use client"` directive.

 Learn more: https://nextjs.org/docs/app/api-reference/directives/use-client



Import traces:
  Server Component:
    ./src/components/ui/MarkdownEditor.js
    ./src/app/(dashboard)/community/create/page.jsx

  Client Component Browser:
    ./src/components/ui/MarkdownEditor.js [Client Component Browser]
    ./src/app/(dashboard)/instructor/edit-course/[courseId]/page.jsx [Client Component Browser]
    ./src/app/(dashboard)/instructor/edit-course/[courseId]/page.jsx [Server Component]

  Client Component SSR:
    ./src/components/ui/MarkdownEditor.js [Client Component SSR]
    ./src/app/(dashboard)/instructor/edit-course/[courseId]/page.jsx [Client Component SSR]
    ./src/app/(dashboard)/instructor/edit-course/[courseId]/page.jsx [Server Component]


./src/app/(public)/blog/page.jsx:9:1
Module not found: Can't resolve '@/components/ui/skeleton'
[0m [90m  7 |[39m [36mimport[39m { [33mBadge[39m } [36mfrom[39m [32m'@/components/ui/badge'[39m[33m;[39m
 [90m  8 |[39m [36mimport[39m { [33mAvatar[39m[33m,[39m [33mAvatarImage[39m[33m,[39m [33mAvatarFallback[39m } [36mfrom[39m [32m'@/components/ui/avatar'[39m[33m;[39m
[31m[1m>[22m[39m[90m  9 |[39m [36mimport[39m { [33mSkeleton[39m } [36mfrom[39m [32m'@/components/ui/skeleton'[39m[33m;[39m
 [90m    |[39m [31m[1m^[22m[39m[31m[1m^[22m[39m[31m[1m^[22m[39m[31m[1m^[22m[39m[31m[1m^[22m[39m[31m[1m^[22m[39m[31m[1m^[22m[39m[31m[1m^[22m[39m[31m[1m^[22m[39m[31m[1m^[22m[39m[31m[1m^[22m[39m[31m[1m^[22m[39m[31m[1m^[22m[39m[31m[1m^[22m[39m[31m[1m^[22m[39m[31m[1m^[22m[39m[31m[1m^[22m[39m[31m[1m^[22m[39m[31m[1m^[22m[39m[31m[1m^[22m[39m[31m[1m^[22m[39m[31m[1m^[22m[39m[31m[1m^[22m[39m[31m[1m^[22m[39m[31m[1m^[22m[39m[31m[1m^[22m[39m[31m[1m^[22m[39m[31m[1m^[22m[39m[31m[1m^[22m[39m[31m[1m^[22m[39m[31m[1m^[22m[39m[31m[1m^[22m[39m[31m[1m^[22m[39m[31m[1m^[22m[39m[31m[1m^[22m[39m[31m[1m^[22m[39m[31m[1m^[22m[39m[31m[1m^[22m[39m[31m[1m^[22m[39m[31m[1m^[22m[39m[31m[1m^[22m[39m[31m[1m^[22m[39m[31m[1m^[22m[39m[31m[1m^[22m[39m[31m[1m^[22m[39m[31m[1m^[22m[39m[31m[1m^[22m[39m[31m[1m^[22m[39m[31m[1m^[22m[39m[31m[1m^[22m[39m[31m[1m^[22m[39m[31m[1m^[22m[39m
 [90m 10 |[39m
 [90m 11 |[39m [36mexport[39m [36mdefault[39m [36mfunction[39m [33mBlogPage[39m() {
 [90m 12 |[39m     [36mconst[39m [posts[33m,[39m setPosts] [33m=[39m useState([])[33m;[39m[0m

Import map: aliased to relative './src/components/ui/skeleton' inside of [project]/


https://nextjs.org/docs/messages/module-not-found


./src/app/(public)/forum/page.jsx:10:1
Module not found: Can't resolve '@/components/ui/skeleton'
[0m [90m  8 |[39m [36mimport[39m { [33mBadge[39m } [36mfrom[39m [32m'@/components/ui/badge'[39m[33m;[39m
 [90m  9 |[39m [36mimport[39m { [33mAvatar[39m[33m,[39m [33mAvatarImage[39m[33m,[39m [33mAvatarFallback[39m } [36mfrom[39m [32m'@/components/ui/avatar'[39m[33m;[39m
[31m[1m>[22m[39m[90m 10 |[39m [36mimport[39m { [33mSkeleton[39m } [36mfrom[39m [32m'@/components/ui/skeleton'[39m[33m;[39m
 [90m    |[39m [31m[1m^[22m[39m[31m[1m^[22m[39m[31m[1m^[22m[39m[31m[1m^[22m[39m[31m[1m^[22m[39m[31m[1m^[22m[39m[31m[1m^[22m[39m[31m[1m^[22m[39m[31m[1m^[22m[39m[31m[1m^[22m[39m[31m[1m^[22m[39m[31m[1m^[22m[39m[31m[1m^[22m[39m[31m[1m^[22m[39m[31m[1m^[22m[39m[31m[1m^[22m[39m[31m[1m^[22m[39m[31m[1m^[22m[39m[31m[1m^[22m[39m[31m[1m^[22m[39m[31m[1m^[22m[39m[31m[1m^[22m[39m[31m[1m^[22m[39m[31m[1m^[22m[39m[31m[1m^[22m[39m[31m[1m^[22m[39m[31m[1m^[22m[39m[31m[1m^[22m[39m[31m[1m^[22m[39m[31m[1m^[22m[39m[31m[1m^[22m[39m[31m[1m^[22m[39m[31m[1m^[22m[39m[31m[1m^[22m[39m[31m[1m^[22m[39m[31m[1m^[22m[39m[31m[1m^[22m[39m[31m[1m^[22m[39m[31m[1m^[22m[39m[31m[1m^[22m[39m[31m[1m^[22m[39m[31m[1m^[22m[39m[31m[1m^[22m[39m[31m[1m^[22m[39m[31m[1m^[22m[39m[31m[1m^[22m[39m[31m[1m^[22m[39m[31m[1m^[22m[39m[31m[1m^[22m[39m[31m[1m^[22m[39m[31m[1m^[22m[39m[31m[1m^[22m[39m
 [90m 11 |[39m
 [90m 12 |[39m [36mexport[39m [36mdefault[39m [36mfunction[39m [33mForumPage[39m() {
 [90m 13 |[39m     [36mconst[39m [posts[33m,[39m setPosts] [33m=[39m useState([])[33m;[39m[0m

Import map: aliased to relative './src/components/ui/skeleton' inside of [project]/


https://nextjs.org/docs/messages/module-not-found


./src/app/(public)/courses/[id]/learn/page.js:7:1
Module not found: Can't resolve 'react-player/youtube'
[0m [90m  5 |[39m [36mimport[39m api [36mfrom[39m [32m'@/lib/api'[39m[33m;[39m
 [90m  6 |[39m [36mimport[39m { useAuthStore } [36mfrom[39m [32m'@/store/useAuthStore'[39m[33m;[39m
[31m[1m>[22m[39m[90m  7 |[39m [36mimport[39m [33mReactPlayer[39m [36mfrom[39m [32m'react-player/youtube'[39m[33m;[39m
 [90m    |[39m [31m[1m^[22m[39m[31m[1m^[22m[39m[31m[1m^[22m[39m[31m[1m^[22m[39m[31m[1m^[22m[39m[31m[1m^[22m[39m[31m[1m^[22m[39m[31m[1m^[22m[39m[31m[1m^[22m[39m[31m[1m^[22m[39m[31m[1m^[22m[39m[31m[1m^[22m[39m[31m[1m^[22m[39m[31m[1m^[22m[39m[31m[1m^[22m[39m[31m[1m^[22m[39m[31m[1m^[22m[39m[31m[1m^[22m[39m[31m[1m^[22m[39m[31m[1m^[22m[39m[31m[1m^[22m[39m[31m[1m^[22m[39m[31m[1m^[22m[39m[31m[1m^[22m[39m[31m[1m^[22m[39m[31m[1m^[22m[39m[31m[1m^[22m[39m[31m[1m^[22m[39m[31m[1m^[22m[39m[31m[1m^[22m[39m[31m[1m^[22m[39m[31m[1m^[22m[39m[31m[1m^[22m[39m[31m[1m^[22m[39m[31m[1m^[22m[39m[31m[1m^[22m[39m[31m[1m^[22m[39m[31m[1m^[22m[39m[31m[1m^[22m[39m[31m[1m^[22m[39m[31m[1m^[22m[39m[31m[1m^[22m[39m[31m[1m^[22m[39m[31m[1m^[22m[39m[31m[1m^[22m[39m[31m[1m^[22m[39m[31m[1m^[22m[39m
 [90m  8 |[39m [36mimport[39m [33mReactMarkdown[39m [36mfrom[39m [32m'react-markdown'[39m[33m;[39m
 [90m  9 |[39m [36mimport[39m remarkGfm [36mfrom[39m [32m'remark-gfm'[39m[33m;[39m
 [90m 10 |[39m [36mimport[39m [33mMCQComponent[39m [36mfrom[39m [32m'@/components/MCQComponent'[39m[33m;[39m[0m



Import traces:
  Client Component Browser:
    ./src/app/(public)/courses/[id]/learn/page.js [Client Component Browser]
    ./src/app/(public)/courses/[id]/learn/page.js [Server Component]

  Client Component SSR:
    ./src/app/(public)/courses/[id]/learn/page.js [Client Component SSR]
    ./src/app/(public)/courses/[id]/learn/page.js [Server Component]

https://nextjs.org/docs/messages/module-not-found


    at <unknown> (./src/app/(dashboard)/community/create/page.jsx:1:20)
    at <unknown> (./src/app/(dashboard)/community/create/page.jsx:2:10)
    at <unknown> (./src/app/(dashboard)/community/create/page.jsx:2:21)
    at <unknown> (./src/app/(dashboard)/community/create/page.jsx:1:10)
    at <unknown> (./src/app/(dashboard)/dashboard/page.jsx:1:10)
    at <unknown> (./src/app/(dashboard)/dashboard/page.jsx:3:10)
    at <unknown> (./src/app/(dashboard)/dashboard/page.jsx:1:21)
    at <unknown> (./src/app/(dashboard)/leaderboard/page.jsx:1:10)
    at <unknown> (./src/app/(dashboard)/leaderboard/page.jsx:1:21)
    at <unknown> (./src/app/(dashboard)/profile/page.jsx:1:20)
    at <unknown> (./src/app/(dashboard)/profile/page.jsx:1:10)
    at <unknown> (./src/app/(public)/blog/page.jsx:1:10)
    at <unknown> (./src/app/(public)/blog/page.jsx:1:21)
    at <unknown> (./src/app/(public)/community/[id]/page.jsx:1:10)
    at <unknown> (./src/app/(public)/community/[id]/page.jsx:2:10)
    at <unknown> (./src/app/(public)/community/[id]/page.jsx:2:21)
    at <unknown> (./src/app/(public)/community/[id]/page.jsx:1:21)
    at <unknown> (./src/app/(public)/courses/[id]/page.js:1:10)
    at <unknown> (./src/app/(public)/courses/[id]/page.js:2:21)
    at <unknown> (./src/app/(public)/courses/[id]/page.js:2:10)
    at <unknown> (./src/app/(public)/courses/[id]/page.js:1:21)
    at <unknown> (./src/app/(public)/courses/page.jsx:1:10)
    at <unknown> (./src/app/(public)/forum/page.jsx:1:10)
    at <unknown> (./src/app/(public)/forum/page.jsx:1:21)
    at <unknown> (./src/app/register/page.jsx:3:10)
    at <unknown> (./src/app/register/page.jsx:1:10)
    at <unknown> (./src/components/ui/ImageUpload.js:1:10)
    at <unknown> (./src/components/ui/MarkdownEditor.js:1:17)
    at <unknown> (./src/app/(public)/blog/page.jsx:9:1)
    at <unknown> (https://nextjs.org/docs/messages/module-not-found)
    at <unknown> (./src/app/(public)/forum/page.jsx:10:1)
    at <unknown> (https://nextjs.org/docs/messages/module-not-found)
    at <unknown> (./src/app/(public)/courses/[id]/learn/page.js:7:1)
    at <unknown> (https://nextjs.org/docs/messages/module-not-found)
